nohup: ignoring input
🚀 Starting Multi-User Watcher Daemon...
👀 Starting observer for log 69d773ae406a32a25fb6a02c (vaish 2): /home/sura/logchain/sample log/sam3.log
✅ No new lines to submit.
📊 Stats updated for vaish 2: 105/105 verified

⚡ Watchdog: /home/sura/logchain/sample log/sam3.log modified (Case: vaish 2)!

⚡ Watchdog: /home/sura/logchain/sample log/sam3.log modified (Case: vaish 2)!
✅ No new lines to submit.
🚨 TAMPER DETECTED: Line 105 in case vaish 2
📊 Stats updated for vaish 2: 104/105 verified
✅ No new lines to submit.
📊 Stats updated for vaish 2: 104/105 verified

⚡ Watchdog: /home/sura/logchain/sample log/sam3.log modified (Case: vaish 2)!
✅ No new lines to submit.
🚨 TAMPER DETECTED: Line 104 in case vaish 2
📊 Stats updated for vaish 2: 103/105 verified

⚡ Watchdog: /home/sura/logchain/sample log/sam3.log modified (Case: vaish 2)!

⚡ Watchdog: /home/sura/logchain/sample log/sam3.log modified (Case: vaish 2)!
✅ No new lines to submit.
✅ TAMPER CORRECTED: Line 104 in case vaish 2
📊 Stats updated for vaish 2: 104/105 verified
✅ No new lines to submit.
📊 Stats updated for vaish 2: 104/105 verified

⚡ Watchdog: /home/sura/logchain/sample log/sam3.log modified (Case: vaish 2)!

⚡ Watchdog: /home/sura/logchain/sample log/sam3.log modified (Case: vaish 2)!
✅ No new lines to submit.
✅ TAMPER CORRECTED: Line 105 in case vaish 2
📊 Stats updated for vaish 2: 105/105 verified
✅ No new lines to submit.
📊 Stats updated for vaish 2: 105/105 verified
👀 Starting observer for log 69d77f27e04fa1add262c9db (case5): /home/sura/logchain/sample log/sam3.log

📤 Batch submitting 1 new line(s) for case5...
  [line[104]] sent: 15d264d4e764e382b86c...
⏳ Waiting for last tx to confirm...
✅ All lines confirmed at block 6903
✅ Batch complete! 1 lines submitted.
🚨 TAMPER DETECTED: Line 104 in case case5
📊 Stats updated for case5: 104/105 verified

⚡ Watchdog: /home/sura/logchain/sample log/sam3.log modified (Case: case5)!

⚡ Watchdog: /home/sura/logchain/sample log/sam3.log modified (Case: case5)!

⚡ Watchdog: /home/sura/logchain/sample log/sam3.log modified (Case: vaish 2)!

⚡ Watchdog: /home/sura/logchain/sample log/sam3.log modified (Case: vaish 2)!
🚨 TRUNCATION DETECTED. Resetting offset.

📤 Batch submitting 101 new line(s) for case5...
🚨 TRUNCATION DETECTED. Resetting offset.

📤 Batch submitting 101 new line(s) for vaish 2...
  [line[0]] sent: 1af7fe8a5bf6ef8ffbf1...
  ⚠️ Failed line 0: {'code': -32000, 'message': 'replacement transaction underpriced'}
  [line[1]] sent: 9702d8c3779290ea41c8...
  ⚠️ Failed line 1: {'code': -32000, 'message': 'replacement transaction underpriced'}
  [line[2]] sent: f3fc966d5acf78112efa...
  ⚠️ Failed line 2: {'code': -32000, 'message': 'replacement transaction underpriced'}
  [line[3]] sent: df92cf2d29fcbfb9a504...
  ⚠️ Failed line 3: {'code': -32000, 'message': 'replacement transaction underpriced'}
  [line[4]] sent: f37354553e864722271e...
  ⚠️ Failed line 4: {'code': -32000, 'message': 'replacement transaction underpriced'}
  [line[5]] sent: 0a812831d912123a15d4...
  ⚠️ Failed line 5: {'code': -32000, 'message': 'replacement transaction underpriced'}
  [line[6]] sent: ceaee7a6925611ef1f27...
  ⚠️ Failed line 6: {'code': -32000, 'message': 'replacement transaction underpriced'}
  [line[7]] sent: 9f343aa89116056cee46...
  ⚠️ Failed line 7: {'code': -32000, 'message': 'replacement transaction underpriced'}
  [line[8]] sent: f7e900f56724540bae6e...
  ⚠️ Failed line 8: {'code': -32000, 'message': 'replacement transaction underpriced'}
  [line[9]] sent: 1d81d934b51884acce2e...
  ⚠️ Failed line 9: {'code': -32000, 'message': 'replacement transaction underpriced'}
  [line[10]] sent: 849a5e313aac3e8396f6...
  ⚠️ Failed line 10: {'code': -32000, 'message': 'replacement transaction underpriced'}
  [line[11]] sent: a87f5647417316093c2f...
  ⚠️ Failed line 11: {'code': -32000, 'message': 'replacement transaction underpriced'}
  [line[12]] sent: 3d9772579106f03ef9a7...
  ⚠️ Failed line 12: {'code': -32000, 'message': 'replacement transaction underpriced'}
  [line[13]] sent: c05d0f7add42ded1cdbc...
  ⚠️ Failed line 13: {'code': -32000, 'message': 'replacement transaction underpriced'}
  [line[14]] sent: fec850ef13aabc7dbf60...
  ⚠️ Failed line 14: {'code': -32000, 'message': 'replacement transaction underpriced'}
  [line[15]] sent: e9c21fee124179e6791d...
  [line[16]] sent: bae4e4b40f24533441a1...
  ⚠️ Failed line 15: {'code': -32000, 'message': 'replacement transaction underpriced'}
  [line[17]] sent: 0204169bf9461ff7787c...
  ⚠️ Failed line 16: {'code': -32000, 'message': 'replacement transaction underpriced'}
  [line[18]] sent: 8fd58e0c750234746173...
  ⚠️ Failed line 17: {'code': -32000, 'message': 'replacement transaction underpriced'}
  [line[19]] sent: 24e04e5c1550ba1a2ebb...
  ⚠️ Failed line 18: {'code': -32000, 'message': 'replacement transaction underpriced'}
  [line[20]] sent: 42c144fd079e91420597...
  ⚠️ Failed line 19: {'code': -32000, 'message': 'replacement transaction underpriced'}
  [line[21]] sent: ab21fbe6e9aeaa49de91...
  ⚠️ Failed line 20: {'code': -32000, 'message': 'replacement transaction underpriced'}
  [line[22]] sent: 72d856270483e938b6e3...
  ⚠️ Failed line 21: {'code': -32000, 'message': 'replacement transaction underpriced'}
  ⚠️ Failed line 22: {'code': -32000, 'message': 'replacement transaction underpriced'}
  [line[23]] sent: 0a7e6c654d9a536f40c4...
  ⚠️ Failed line 23: {'code': -32000, 'message': 'replacement transaction underpriced'}
  [line[24]] sent: 4502e93558f47378804f...
  ⚠️ Failed line 24: {'code': -32000, 'message': 'replacement transaction underpriced'}
  [line[25]] sent: 1bbc6176bda394e48671...
  ⚠️ Failed line 25: {'code': -32000, 'message': 'replacement transaction underpriced'}
  [line[26]] sent: af496f2d40268d25be39...
  ⚠️ Failed line 26: {'code': -32000, 'message': 'replacement transaction underpriced'}
  [line[27]] sent: 28cf37da01d2ac692ad1...
  ⚠️ Failed line 27: {'code': -32000, 'message': 'replacement transaction underpriced'}
  [line[28]] sent: 1a2e455cf41309cd26fb...
  ⚠️ Failed line 28: {'code': -32000, 'message': 'replacement transaction underpriced'}
  [line[29]] sent: efd7a88e8decfd0075e2...
  ⚠️ Failed line 29: {'code': -32000, 'message': 'replacement transaction underpriced'}
  [line[30]] sent: 5c1558e3682b5f1bea5a...
  ⚠️ Failed line 30: {'code': -32000, 'message': 'replacement transaction underpriced'}
  [line[31]] sent: c8e0067bc52e90e46211...
  ⚠️ Failed line 31: {'code': -32000, 'message': 'replacement transaction underpriced'}
  [line[32]] sent: fd7642f8a69876c1fcf2...
  ⚠️ Failed line 32: {'code': -32000, 'message': 'replacement transaction underpriced'}
  [line[33]] sent: c01e5e78a5fd2e11ac31...
  ⚠️ Failed line 33: {'code': -32000, 'message': 'replacement transaction underpriced'}
  [line[34]] sent: 5d978b099b5747477efe...
  ⚠️ Failed line 34: {'code': -32000, 'message': 'replacement transaction underpriced'}
  [line[35]] sent: 4c726ba0e9465ee49f44...
  ⚠️ Failed line 35: {'code': -32000, 'message': 'replacement transaction underpriced'}
  [line[36]] sent: 1dde797ec56553df0a4d...
  ⚠️ Failed line 36: {'code': -32000, 'message': 'replacement transaction underpriced'}
  [line[37]] sent: aa9f0535789968936eff...
  ⚠️ Failed line 37: {'code': -32000, 'message': 'replacement transaction underpriced'}
  [line[38]] sent: 348d0515d67de90c34a2...
  ⚠️ Failed line 38: {'code': -32000, 'message': 'replacement transaction underpriced'}
  [line[39]] sent: 7300418fb8b76a3c8782...
  ⚠️ Failed line 39: {'code': -32000, 'message': 'replacement transaction underpriced'}
  [line[40]] sent: 7c7fb95953c04a4a7a4b...
  ⚠️ Failed line 40: {'code': -32000, 'message': 'replacement transaction underpriced'}
  [line[41]] sent: d7a5c8c603c2309e334f...
  ⚠️ Failed line 41: {'code': -32000, 'message': 'replacement transaction underpriced'}
  [line[42]] sent: 93eaa0131b8951a53332...
  ⚠️ Failed line 42: {'code': -32000, 'message': 'replacement transaction underpriced'}
  [line[43]] sent: 71d454c150326774bb2c...
  ⚠️ Failed line 43: {'code': -32000, 'message': 'replacement transaction underpriced'}
  [line[44]] sent: e07c93f7bb39ca17e4ff...
  ⚠️ Failed line 44: {'code': -32000, 'message': 'replacement transaction underpriced'}
  [line[45]] sent: 6764407f5a3d6c467271...
  ⚠️ Failed line 45: {'code': -32000, 'message': 'replacement transaction underpriced'}
  [line[46]] sent: 8ab0fb4a761dcddc4000...
  ⚠️ Failed line 46: {'code': -32000, 'message': 'replacement transaction underpriced'}
  [line[47]] sent: ab63f6591a39e1e63153...
  ⚠️ Failed line 47: {'code': -32000, 'message': 'replacement transaction underpriced'}
  [line[48]] sent: a45726fd03dbca84e973...
  ⚠️ Failed line 48: {'code': -32000, 'message': 'replacement transaction underpriced'}
  [line[49]] sent: e302383d8014dcf159c5...
  ⚠️ Failed line 49: {'code': -32000, 'message': 'replacement transaction underpriced'}
  [line[50]] sent: ed84e6b8720b45f440c3...
  ⚠️ Failed line 50: {'code': -32000, 'message': 'replacement transaction underpriced'}
  [line[51]] sent: e020bb8597c4d71babaf...
  ⚠️ Failed line 51: {'code': -32000, 'message': 'replacement transaction underpriced'}
  [line[52]] sent: 95a222f2308d55ff0365...
  ⚠️ Failed line 52: {'code': -32000, 'message': 'replacement transaction underpriced'}
  [line[53]] sent: 7afd5b713445f80c7b6f...
  ⚠️ Failed line 53: {'code': -32000, 'message': 'replacement transaction underpriced'}
  [line[54]] sent: e7977c1434127f56a6d3...
  ⚠️ Failed line 54: {'code': -32000, 'message': 'replacement transaction underpriced'}
  [line[55]] sent: d1bc27f84c4829abcefe...
  ⚠️ Failed line 55: {'code': -32000, 'message': 'replacement transaction underpriced'}
  [line[56]] sent: 1ceaa7cb4af3a2aeb4d2...
  ⚠️ Failed line 56: {'code': -32000, 'message': 'replacement transaction underpriced'}
  [line[57]] sent: 34fb26179a1dae5383c7...
  ⚠️ Failed line 57: {'code': -32000, 'message': 'replacement transaction underpriced'}
  [line[58]] sent: bb7ff67dd4fa38076df2...
  ⚠️ Failed line 58: {'code': -32000, 'message': 'replacement transaction underpriced'}
  [line[59]] sent: 557a1412e57c6ac00ecd...
  ⚠️ Failed line 59: {'code': -32000, 'message': 'replacement transaction underpriced'}
  [line[60]] sent: a83eb1f422e8a6190850...
  ⚠️ Failed line 60: {'code': -32000, 'message': 'replacement transaction underpriced'}
  [line[61]] sent: 9ddea1b65448a35b4d9e...
  ⚠️ Failed line 61: {'code': -32000, 'message': 'replacement transaction underpriced'}
  [line[62]] sent: 11608aaaa46e0afa7212...
  ⚠️ Failed line 62: {'code': -32000, 'message': 'replacement transaction underpriced'}
  [line[63]] sent: 8a86fcd18d2979aaae04...
  ⚠️ Failed line 63: {'code': -32000, 'message': 'replacement transaction underpriced'}
  [line[64]] sent: acb8d34566fe4ebdf7b4...
  ⚠️ Failed line 64: {'code': -32000, 'message': 'replacement transaction underpriced'}
  [line[65]] sent: 18203e8682c52066764a...
  ⚠️ Failed line 65: {'code': -32000, 'message': 'replacement transaction underpriced'}
  [line[66]] sent: e421b893a01fa8d114e9...
  ⚠️ Failed line 66: {'code': -32000, 'message': 'replacement transaction underpriced'}
  [line[67]] sent: f974cb5c379e4ba13769...
  ⚠️ Failed line 67: {'code': -32000, 'message': 'replacement transaction underpriced'}
  [line[68]] sent: 0e3fd0038bd93913a63b...
  ⚠️ Failed line 68: {'code': -32000, 'message': 'replacement transaction underpriced'}
  [line[69]] sent: 7045c7e6f35292ba591c...
  ⚠️ Failed line 69: {'code': -32000, 'message': 'replacement transaction underpriced'}
  [line[70]] sent: 973b511a8cc67cc49163...
  [line[71]] sent: 822f32cc6ce6be3dc61d...
  ⚠️ Failed line 70: {'code': -32000, 'message': 'replacement transaction underpriced'}
  [line[72]] sent: 27f8e6a7a778d24acb1c...
  ⚠️ Failed line 71: {'code': -32000, 'message': 'replacement transaction underpriced'}
  [line[73]] sent: da5ded988fa8c00081a1...
  ⚠️ Failed line 72: {'code': -32000, 'message': 'replacement transaction underpriced'}
  [line[74]] sent: cb771785b88b640b7eea...
  ⚠️ Failed line 73: {'code': -32000, 'message': 'replacement transaction underpriced'}
  [line[75]] sent: 6b1807026637e87c98ba...
  ⚠️ Failed line 74: {'code': -32000, 'message': 'replacement transaction underpriced'}
  ⚠️ Failed line 75: {'code': -32000, 'message': 'replacement transaction underpriced'}
  [line[76]] sent: f07d476f73cc7f0b42ba...
  [line[77]] sent: 54f45630b2eed1e7fa7b...
  ⚠️ Failed line 76: {'code': -32000, 'message': 'replacement transaction underpriced'}
  [line[78]] sent: 6db24f65eb30e1e136f5...
  ⚠️ Failed line 77: {'code': -32000, 'message': 'replacement transaction underpriced'}
  [line[79]] sent: f69f3c8c579d1df7c9c5...
  ⚠️ Failed line 78: {'code': -32000, 'message': 'replacement transaction underpriced'}
  [line[80]] sent: 4b4b802844e330a5b4fa...
  ⚠️ Failed line 79: {'code': -32000, 'message': 'replacement transaction underpriced'}
  [line[81]] sent: 9872b7bbe415b81e7bd7...
  ⚠️ Failed line 80: {'code': -32000, 'message': 'replacement transaction underpriced'}
  [line[82]] sent: 02c1f7357c60ca796b05...
  ⚠️ Failed line 81: {'code': -32000, 'message': 'replacement transaction underpriced'}
  [line[83]] sent: d22ad8982cdedbc486d7...
  [line[84]] sent: b5d67d1052c7665d356d...
  ⚠️ Failed line 82: {'code': -32000, 'message': 'replacement transaction underpriced'}
  [line[85]] sent: 9b50e3aa847b628550be...
  ⚠️ Failed line 83: {'code': -32000, 'message': 'replacement transaction underpriced'}
  [line[86]] sent: ece2366a3e42514532eb...
  ⚠️ Failed line 84: {'code': -32000, 'message': 'replacement transaction underpriced'}
  [line[87]] sent: c8a35be87bb17e022c43...
  ⚠️ Failed line 85: {'code': -32000, 'message': 'replacement transaction underpriced'}
  [line[88]] sent: 436b465e3281ad5cf4c4...
  ⚠️ Failed line 86: {'code': -32000, 'message': 'replacement transaction underpriced'}
  [line[89]] sent: 2a05efa16a9e329acaa5...
  ⚠️ Failed line 87: {'code': -32000, 'message': 'replacement transaction underpriced'}
  [line[90]] sent: aa586f0ae7d02aa089e8...
  ⚠️ Failed line 88: {'code': -32000, 'message': 'replacement transaction underpriced'}
  [line[91]] sent: 40fa66e089e6f00d1ec7...
  ⚠️ Failed line 89: {'code': -32000, 'message': 'replacement transaction underpriced'}
  [line[92]] sent: 1685322942df7defbaef...
  ⚠️ Failed line 90: {'code': -32000, 'message': 'replacement transaction underpriced'}
  [line[93]] sent: c8652f4e43e92d9d35fd...
  ⚠️ Failed line 91: {'code': -32000, 'message': 'replacement transaction underpriced'}
  [line[94]] sent: 4f44bf4b0103f7f94c18...
  ⚠️ Failed line 92: {'code': -32000, 'message': 'replacement transaction underpriced'}
  [line[95]] sent: 2a466fa99b26f3025711...
  ⚠️ Failed line 93: {'code': -32000, 'message': 'replacement transaction underpriced'}
  [line[96]] sent: bdfc26a0defc9fec126c...
  ⚠️ Failed line 94: {'code': -32000, 'message': 'replacement transaction underpriced'}
  [line[97]] sent: a99b1b9a65eaaa744a61...
  ⚠️ Failed line 95: {'code': -32000, 'message': 'replacement transaction underpriced'}
  [line[98]] sent: 7d6b1252e1769d83bbb7...
  ⚠️ Failed line 96: {'code': -32000, 'message': 'replacement transaction underpriced'}
  [line[99]] sent: 8c7aaaf2b84a727e5493...
  ⚠️ Failed line 97: {'code': -32000, 'message': 'replacement transaction underpriced'}
  [line[100]] sent: e8f8e24fa651a0324a41...
⏳ Waiting for last tx to confirm...
  ⚠️ Failed line 98: {'code': -32000, 'message': 'replacement transaction underpriced'}
  ⚠️ Failed line 99: {'code': -32000, 'message': 'replacement transaction underpriced'}
  ⚠️ Failed line 100: {'code': -32000, 'message': 'replacement transaction underpriced'}
✅ Batch complete! 101 lines submitted.
✅ All lines confirmed at block 6912
✅ Batch complete! 101 lines submitted.

⚡ Watchdog: /home/sura/logchain/sample log/sam3.log modified (Case: case5)!

⚡ Watchdog: /home/sura/logchain/sample log/sam3.log modified (Case: vaish 2)!
✅ TAMPER CORRECTED: Line 104 in case case5
📊 Stats updated for case5: 101/101 verified
✅ No new lines to submit.
🚨 TAMPER DETECTED: Line 105 in case vaish 2
📊 Stats updated for vaish 2: 104/105 verified

📤 Batch submitting 4 new line(s) for vaish 2...
  [line[101]] sent: 357c5f1b52b2793c8756...
  [line[102]] sent: 2bb87fd122134ef50b73...
  [line[103]] sent: fc2d9fe41155d0501215...
  [line[104]] sent: f42eff60c16d1093c53c...
⏳ Waiting for last tx to confirm...

⚡ Watchdog: /home/sura/logchain/sample log/sam3.log modified (Case: case5)!

⚡ Watchdog: /home/sura/logchain/sample log/sam3.log modified (Case: vaish 2)!
✅ All lines confirmed at block 6913
✅ Batch complete! 4 lines submitted.
🚨 TAMPER DETECTED: Line 105 in case case5
🚨 TAMPER DETECTED: Line 104 in case case5
📊 Stats updated for case5: 103/105 verified
✅ No new lines to submit.
📊 Stats updated for vaish 2: 104/105 verified
✅ No new lines to submit.
✅ TAMPER CORRECTED: Line 105 in case case5
📊 Stats updated for case5: 104/105 verified
📊 Stats updated for vaish 2: 104/105 verified
👀 Starting observer for log 69d7807ce04fa1add262c9e7 (sura1): /home/sura/logchain/sample log/sam3.log

📤 Batch submitting 105 new line(s) for sura1...
  [line[0]] sent: 1f8e7a2e32cad96aabd2...
  [line[1]] sent: ee50492c4e149b9db22a...
  [line[2]] sent: ded3f9b27e93ad1cb91b...
  [line[3]] sent: 72684d8d35cdb4a35675...
  [line[4]] sent: 44e243d0f28a660f3c06...
  [line[5]] sent: 35b519157152fff4c952...
  [line[6]] sent: a9ae684b4850fc7b73df...
  [line[7]] sent: 8008413b30007d964b30...
  [line[8]] sent: e294b390e4240274b9db...
  [line[9]] sent: 49e5fd518368bbb3a8c3...
  [line[10]] sent: 723c8c609c3bb78a9f77...
  [line[11]] sent: 687a65c809d1723c2068...
  [line[12]] sent: 7fc07a617c9d84bcd47e...
  [line[13]] sent: c28dba9a44efde38f0ab...
  [line[14]] sent: 36eb48ef9d37133d1fd4...
  [line[15]] sent: c4f14d293ea5092cfc9c...
  [line[16]] sent: 91e71bd20ac4f7190d0c...
  [line[17]] sent: d94edf763562ae3d4692...
  [line[18]] sent: 751b7774d298a2e96eb8...
  [line[19]] sent: a34dcdf74b354b930ff8...
  [line[20]] sent: 93c430b8bcbfb062cbbb...
  [line[21]] sent: 7e901ff2c98979b9b92f...
  [line[22]] sent: e74c0e46c74b5fb3fb24...
  [line[23]] sent: d1de75c470011dc3a8c2...
  [line[24]] sent: 464d9138611ff460886a...
  [line[25]] sent: 6cf60d2fb27a9372aebe...
  [line[26]] sent: 07270afb4e7c65125c9f...
  [line[27]] sent: 889bf2f131c93ad88cae...
  [line[28]] sent: b0e9d57c9936fc88495e...
  [line[29]] sent: 01ef88a90301ddf3d0b6...
  [line[30]] sent: 5fe55d341033e369c3cc...
  [line[31]] sent: 045168e6ba8fc17d9309...
  [line[32]] sent: 4e0f676dcd25fd02432d...
  [line[33]] sent: 7b626b17bc23e08280fc...
  [line[34]] sent: fe8f365ad15339ab4213...
  [line[35]] sent: ba943a40c02dd82a2b23...
  [line[36]] sent: 7c5325c705090f1379e2...
  [line[37]] sent: fc654c3278b77623c91e...
  [line[38]] sent: 6163384f9464d6428299...
  [line[39]] sent: cd6d5395754b635bcd7e...
  [line[40]] sent: 94036879228efe743e22...
  [line[41]] sent: a9cb53c62354c6b7fde1...
  [line[42]] sent: 18d94c8d5f8558dcec86...
  [line[43]] sent: 1824abb4572af82ceac2...
  [line[44]] sent: 7b9950f345cc0d6767a8...
  [line[45]] sent: b631169256fa3b63307f...
  [line[46]] sent: 418c1f27324ba3b817f4...
  [line[47]] sent: cd3344403520c69cf201...
  [line[48]] sent: e87d9040d7c5340bd64a...
  [line[49]] sent: 8b66d3b933bf6a7a3949...
  [line[50]] sent: 9faad1fa2c1990e8fc27...
  [line[51]] sent: 943c8f67e7f8b15f4a33...
  [line[52]] sent: 72b4ebf204d8e21b1d27...
  [line[53]] sent: 50aabc389dcf67e50da7...
  [line[54]] sent: 84a587ccdc3282487dd8...
  [line[55]] sent: 9c792fc4891589b2853a...
  [line[56]] sent: e58afccbb91d14ddcace...
  [line[57]] sent: 5cdd37f73c7e5d611959...
  [line[58]] sent: f1f4cce1d2e42b48a044...
  [line[59]] sent: 230b9adcfe149e75907b...
  [line[60]] sent: 9de10c9be4e54c7cee8e...
  [line[61]] sent: 135488d1d9367a8eb3e4...
  [line[62]] sent: 14f25955985a57408181...
  [line[63]] sent: fc06fd1fb5f2f137e7d5...
  [line[64]] sent: ac77cb07d5a1600feb29...
  [line[65]] sent: 54a0b00e2e1606709a28...
  [line[66]] sent: 102d0e5873d0ea44ad19...
  [line[67]] sent: 48c7180958d9ed05edda...
  [line[68]] sent: c590d53128241a95c736...
  [line[69]] sent: 697e727bbc49022133d5...
  [line[70]] sent: 5cf5bf321dbf18d570ae...
  [line[71]] sent: e6d8c167e9384a71b708...
  [line[72]] sent: 4f30be6e99e2d772cb81...
  [line[73]] sent: 1167b00a41fbe7b6daac...
  [line[74]] sent: 2e87a4cd0d321a4b372e...
  [line[75]] sent: 8ee701c7c1b925ccffd6...
  [line[76]] sent: ee1ddbc43752a68c560b...
  [line[77]] sent: 650875b77880a47113bc...
  [line[78]] sent: 91c2c1e8178c0d9e69a4...
  [line[79]] sent: 3fbf66641171396eb9f7...
  [line[80]] sent: 6d3e899afbe7fa998a5c...
  [line[81]] sent: 387bed4c63b34acf98f6...
  [line[82]] sent: bfde26d88a9263397968...
  [line[83]] sent: eaba05b349784a98f14e...
  [line[84]] sent: f6c8335105c9e6c8a2b9...
  [line[85]] sent: 8d78ffd409d8d9ff2601...
  [line[86]] sent: a7c89729b0d14b9a6ec4...
  [line[87]] sent: e4bd789020836c11b6a5...
  [line[88]] sent: fa3ad142b7b49514dfd4...
  [line[89]] sent: 5d83ad3c5648bc2ed410...
  [line[90]] sent: beeca23e2ec8cf4e6b7c...
  [line[91]] sent: 5fe4c4795f9f2adaa99c...
  [line[92]] sent: a0dff93f4430c6351d66...
  [line[93]] sent: 67235d1beea4ff943c81...
  [line[94]] sent: 859091bf5ce82292c190...
  [line[95]] sent: e02926d46e6273d97266...
  [line[96]] sent: 0ee7019b4a3efa72fb74...
  [line[97]] sent: 4b7a6185813e196251c9...
  [line[98]] sent: 1b6a76d2b5f60db71d00...
  [line[99]] sent: 3645f6f63b0f7e8b2afe...
  [line[100]] sent: 7da3327997168f3f42ed...
  [line[101]] sent: 3a6b49c1292bea62d9fc...
  [line[102]] sent: 3e2ae5d0922b327f620f...
  [line[103]] sent: 5548cedd60491fd2dc40...
  [line[104]] sent: 9731342ebfe9a900c3de...
⏳ Waiting for last tx to confirm...
✅ All lines confirmed at block 6962
  [V1/addLog] sent: c6d5859221aaa41fe0ef...
  [V2/addLog] sent: bfa97fe07bd86e87f9ad...
✅ Batch complete! 105 lines submitted.
📊 Stats updated for sura1: 105/105 verified

⚡ Watchdog: /home/sura/logchain/sample log/sam3.log modified (Case: sura1)!

⚡ Watchdog: /home/sura/logchain/sample log/sam3.log modified (Case: vaish 2)!

⚡ Watchdog: /home/sura/logchain/sample log/sam3.log modified (Case: case5)!

📤 Batch submitting 1 new line(s) for case5...

📤 Batch submitting 1 new line(s) for vaish 2...

📤 Batch submitting 1 new line(s) for sura1...
  [line[105]] sent: c9b98ec29c91b46bdcb7...
⏳ Waiting for last tx to confirm...
  ⚠️ Failed line 105: {'code': -32000, 'message': 'replacement transaction underpriced'}
  ⚠️ Failed line 105: {'code': -32000, 'message': 'replacement transaction underpriced'}
✅ Batch complete! 1 lines submitted.
✅ Batch complete! 1 lines submitted.

⚡ Watchdog: /home/sura/logchain/sample log/sam3.log modified (Case: vaish 2)!

⚡ Watchdog: /home/sura/logchain/sample log/sam3.log modified (Case: sura1)!

⚡ Watchdog: /home/sura/logchain/sample log/sam3.log modified (Case: case5)!

⚡ Watchdog: /home/sura/logchain/sample log/sam3.log modified (Case: case5)!

⚡ Watchdog: /home/sura/logchain/sample log/sam3.log modified (Case: sura1)!

⚡ Watchdog: /home/sura/logchain/sample log/sam3.log modified (Case: vaish 2)!

⚡ Watchdog: /home/sura/logchain/sample log/sam3.log modified (Case: case5)!

⚡ Watchdog: /home/sura/logchain/sample log/sam3.log modified (Case: vaish 2)!

⚡ Watchdog: /home/sura/logchain/sample log/sam3.log modified (Case: sura1)!
✅ All lines confirmed at block 6971
✅ Batch complete! 1 lines submitted.

⚡ Watchdog: /home/sura/logchain/sample log/sam3.log modified (Case: vaish 2)!

⚡ Watchdog: /home/sura/logchain/sample log/sam3.log modified (Case: sura1)!

⚡ Watchdog: /home/sura/logchain/sample log/sam3.log modified (Case: vaish 2)!

⚡ Watchdog: /home/sura/logchain/sample log/sam3.log modified (Case: case5)!
📊 Stats updated for sura1: 105/109 verified

📤 Batch submitting 4 new line(s) for sura1...
📊 Stats updated for vaish 2: 104/109 verified
  [line[105]] sent: 23daac0b292b8b318516...

📤 Batch submitting 4 new line(s) for vaish 2...
  [line[106]] sent: f69289268533445467f4...
  [line[107]] sent: ecfcad726e586e8f6df7...
  ⚠️ Failed line 105: {'code': -32000, 'message': 'replacement transaction underpriced'}