[2026-03-26 17:12:01] {'type': 'mousemove', 'x': 508, 'y': 0}
[2026-03-26 17:12:01] {'type': 'mousemove', 'x': 427, 'y': 234}
[2026-03-26 17:12:13] {'type': 'mousemove', 'x': 457, 'y': 269}
[2026-03-26 17:12:13] {'type': 'mousemove', 'x': 184, 'y': 80}
[2026-03-26 17:12:13] {'type': 'mousemove', 'x': 254, 'y': 22}
[2026-03-26 17:14:43] {'type': 'mousemove', 'x': 417, 'y': 12}
[2026-03-26 17:14:44] {'type': 'click', 'x': 514, 'y': 150}
[2026-03-26 17:14:44] {'type': 'mousemove', 'x': 507, 'y': 148}
[2026-03-26 17:14:44] {'type': 'mousemove', 'x': 307, 'y': 49}
[2026-03-26 17:14:46] {'type': 'mousemove', 'x': 170, 'y': 20}
[2026-03-26 17:14:46] {'type': 'mousemove', 'x': 401, 'y': 179}
[2026-03-26 17:19:48] {'type': 'mousemove', 'x': 292, 'y': 1}
[2026-03-26 17:23:04] {'type': 'mousemove', 'x': 278, 'y': 12}
[2026-03-26 17:23:04] {'type': 'mousemove', 'x': 282, 'y': 75}
[2026-03-26 17:32:37] {'type': 'mousemove', 'x': 454, 'y': 17}
[2026-03-26 17:32:37] {'type': 'mousemove', 'x': 516, 'y': 165}
[2026-03-26 17:54:50] {'type': 'mousemove', 'x': 344, 'y': 21}
[2026-03-26 17:54:52] {'type': 'mousemove', 'x': 267, 'y': 303}
[2026-03-26 17:54:52] {'type': 'click', 'x': 267, 'y': 303}
[2026-03-26 17:54:52] {'type': 'mousemove', 'x': 267, 'y': 303}
[2026-03-26 17:54:52] {'type': 'mousemove', 'x': 592, 'y': 300}
[2026-03-26 17:54:53] {'type': 'mousemove', 'x': 626, 'y': 98}
[2026-03-27 12:50:56] {'type': 'mousemove', 'x': 749, 'y': 251}
[2026-03-27 12:50:56] {'type': 'mousemove', 'x': 476, 'y': 265}
[2026-03-27 12:50:57] {'type': 'mousemove', 'x': 594, 'y': 350}
[2026-03-27 12:51:02] {'type': 'mousemove', 'x': 168, 'y': 199}
[2026-03-27 12:51:03] {'type': 'mousemove', 'x': 162, 'y': 190}
[2026-03-28 08:56:58] {'type': 'mousemove', 'x': 569, 'y': 152}
[2026-03-28 08:56:58] {'type': 'mousemove', 'x': 569, 'y': 140}
[2026-03-28 08:56:59] {'type': 'mousemove', 'x': 556, 'y': 273}
[2026-03-28 08:56:59] {'type': 'mousemove', 'x': 631, 'y': 364}
[2026-03-28 08:57:08] {'type': 'mousemove', 'x': 1194, 'y': 477}
[2026-03-28 08:57:09] {'type': 'mousemove', 'x': 1170, 'y': 448}
[2026-03-28 08:57:10] {'type': 'mousemove', 'x': 924, 'y': 113}
[2026-03-28 08:59:38] {'type': 'mousemove', 'x': 641, 'y': 39}
[2026-03-28 08:59:38] {'type': 'mousemove', 'x': 564, 'y': 244}
[2026-03-28 08:59:39] {'type': 'mousemove', 'x': 469, 'y': 256}
[2026-03-28 08:59:39] {'type': 'mousemove', 'x': 449, 'y': 295}
[2026-03-28 08:59:39] {'type': 'mousemove', 'x': 477, 'y': 356}
[2026-03-28 08:59:39] {'type': 'mousemove', 'x': 539, 'y': 176}
[2026-03-28 09:01:03] {'type': 'mousemove', 'x': 671, 'y': 30}
[2026-03-28 09:01:03] {'type': 'mousemove', 'x': 492, 'y': 323}
[2026-03-28 09:01:04] {'type': 'mousemove', 'x': 459, 'y': 337}
[2026-03-28 09:01:04] {'type': 'mousemove', 'x': 563, 'y': 187}
[2026-03-28 09:01:04] {'type': 'mousemove', 'x': 488, 'y': 351}
[2026-03-28 09:01:04] {'type': 'mousemove', 'x': 235, 'y': 231}
[2026-03-28 09:01:04] {'type': 'mousemove', 'x': 267, 'y': 33}
[2026-03-28 09:04:32] {'type': 'mousemove', 'x': 620, 'y': 36}
[2026-03-28 09:04:32] {'type': 'mousemove', 'x': 503, 'y': 369}
[2026-03-28 09:04:32] {'type': 'mousemove', 'x': 386, 'y': 596}
[2026-03-28 09:04:33] {'type': 'mousemove', 'x': 330, 'y': 271}
[2026-03-28 09:04:33] {'type': 'mousemove', 'x': 505, 'y': 406}
[2026-03-28 09:04:33] {'type': 'mousemove', 'x': 464, 'y': 276}
[2026-03-28 09:04:33] {'type': 'mousemove', 'x': 438, 'y': 226}
[2026-03-28 09:04:44] {'type': 'mousemove', 'x': 686, 'y': 55}
[2026-03-28 09:04:44] {'type': 'mousemove', 'x': 704, 'y': 378}
[2026-03-28 09:04:44] {'type': 'mousemove', 'x': 477, 'y': 314}
[2026-03-28 09:04:44] {'type': 'mousemove', 'x': 523, 'y': 235}
[2026-03-28 09:04:45] {'type': 'mousemove', 'x': 594, 'y': 452}
[2026-03-28 09:04:45] {'type': 'keydown', 'key': 'j'}
[2026-03-28 09:04:45] {'type': 'keydown', 'key': 'n'}
[2026-03-28 09:04:45] {'type': 'keydown', 'key': 'd'}
[2026-03-28 09:04:45] {'type': 'keydown', 'key': 'u'}
[2026-03-28 09:04:45] {'type': 'keydown', 'key': 'v'}
[2026-03-28 09:04:45] {'type': 'keydown', 'key': 'r'}
[2026-03-28 09:04:45] {'type': 'keydown', 'key': 'u'}
[2026-03-28 09:04:45] {'type': 'keydown', 'key': 'f'}
[2026-03-28 09:04:45] {'type': 'keydown', 'key': 'h'}
[2026-03-28 09:04:46] {'type': 'mousemove', 'x': 698, 'y': 253}
[2026-03-28 09:17:16] {'type': 'mousemove', 'x': 666, 'y': 25}
[2026-03-28 09:17:17] {'type': 'mousemove', 'x': 679, 'y': 562}
[2026-03-28 09:17:17] {'type': 'mousemove', 'x': 774, 'y': 496}
[2026-03-28 09:17:20] {'type': 'mousemove', 'x': 428, 'y': 224}
[2026-03-28 09:17:34] {'type': 'mousemove', 'x': 681, 'y': 5}
[2026-03-28 09:17:34] {'type': 'mousemove', 'x': 602, 'y': 480}
[2026-03-28 09:17:34] {'type': 'mousemove', 'x': 516, 'y': 365}
[2026-03-28 09:17:34] {'type': 'mousemove', 'x': 601, 'y': 371}
[2026-03-28 09:17:34] {'type': 'mousemove', 'x': 632, 'y': 344}
[2026-03-28 09:17:35] {'type': 'mousemove', 'x': 497, 'y': 198}
[2026-03-28 09:24:41] {'type': 'mousemove', 'x': 668, 'y': 24}
[2026-03-28 09:24:41] {'type': 'mousemove', 'x': 638, 'y': 568}
[2026-03-28 09:24:41] {'type': 'mousemove', 'x': 670, 'y': 520}
[2026-03-28 09:24:41] {'type': 'mousemove', 'x': 778, 'y': 486}
[2026-03-28 09:24:42] {'type': 'mousemove', 'x': 1132, 'y': 183}
[2026-03-28 09:24:42] {'type': 'mousemove', 'x': 1349, 'y': 72}
[2026-03-28 09:24:42] {'type': 'mousemove', 'x': 1020, 'y': 310}
[2026-03-28 09:24:42] {'type': 'mousemove', 'x': 641, 'y': 200}
[2026-03-28 11:13:08] {'type': 'mousemove', 'x': 489, 'y': 10}
[2026-03-28 11:13:08] {'type': 'mousemove', 'x': 145, 'y': 28}
[2026-03-28 11:13:08] {'type': 'mousemove', 'x': 116, 'y': 26}
[2026-03-28 11:13:08] {'type': 'mousemove', 'x': 250, 'y': 217}
[2026-03-28 11:13:10] {'type': 'mousemove', 'x': 210, 'y': 8}
[2026-03-28 11:13:10] {'type': 'mousemove', 'x': 307, 'y': 185}
[2026-03-28 11:13:10] {'type': 'mousemove', 'x': 374, 'y': 254}
