[2026-03-28 15:40:13] {'type': 'mousemove', 'x': 415, 'y': 3}
[2026-03-28 15:40:13] {'type': 'mousemove', 'x': 489, 'y': 518}
[2026-03-28 15:40:13] {'type': 'mousemove', 'x': 616, 'y': 496}
[2026-03-28 15:40:17] {'type': 'mousemove', 'x': 569, 'y': 326}
[2026-03-28 15:40:17] {'type': 'mousemove', 'x': 450, 'y': 282}
[2026-03-28 15:40:18] {'type': 'mousemove', 'x': 382, 'y': 226}
[2026-03-28 15:40:18] {'type': 'mousemove', 'x': 471, 'y': 3
[2026-03-28 15:40:18] {'type': 'mousemove', 'x': 376, 'y': 533}
[2026-03-28 15:40:18] {'type': 'mousemove', 'x': 584, 'y': 475}
[2026-03-28 15:40:19] {'type': 'mousemove', 'x': 770, 'y': 39
[2026-03-28 15:40:20] {'type': 'mousemove', 'x': 444, 'y': 113}
[2026-03-28 15:40:20] {'type': 'mousemove', 'x': 250, 'y'
team sura[2026-04-08 10:40:51] {'type': 'mousemove', 'x': 415, 'y': 281}
[2026-04-08 10:40:52] {'type': 'mousemove', 'x': 422, 'y': 253}
[2026-04-08 10:40:53] {'type': 'mousemove', 'x': 535, 'y': 525}
[2026-04-08 10:40:53] {'type': 'mousemove', 'x': 688, 'y': 498}
[2026-04-08 10:40:55] {'type': 'mousemove', 'x': 835, 'y': 444}
[2026-04-08 10:40:55] {'type': 'mousemove', 'x': 403, 'y': 249}
[2026-04-08 10:40:57] {'type': 'mousemove', 'x': 670, 'y': 518}
[2026-04-08 10:40:57] {'type': 'mousemove', 'x': 171, 'y': 16}
[2026-04-09 14:02:00] {'type': 'mousemove', 'x': 762, 'y': 607}
[2026-04-09 14:02:00] {'type': 'mousemove', 'x': 531, 'y': 266}
[2026-04-09 14:02:00] {'type': 'mousemove', 'x': 545, 'y': 339}
[2026-04-09 14:02:00] {'type': 'mousemove', 'x': 225, 'y': 223}
[2026-04-09 14:02:01] {'type': 'mousemove', 'x': 145, 'y': 109}
[2026-04-09 14:14:12] {'type': 'mousemove', 'x': 465, 'y': 21}
[2026-04-09 14:14:12] {'type': 'mousemove', 'x': 578, 'y': 540}
[2026-04-09 14:14:12] {'type': 'mousemove', 'x': 291, 'y': 243}
[2026-04-09 14:14:12] {'type': 'mousemove', 'x': 227, 'y': 46}
[2026-04-09 14:02:02] {'type': 'mousemove', 'x': 100, 'y': 200}
[2026-04-09 14:32:56] {'type': 'mousemove', 'x': 800, 'y': 65}
[2026-04-09 14:32:56] {'type': 'mousemove', 'x': 976, 'y': 164}
[2026-04-09 14:32:58] {'type': 'mousemove', 'x': 1110, 'y': 97}
[2026-04-09 14:34:37] {'type': 'mousemove', 'x': 861, 'y': 143}
[2026-04-09 14:34:38] {'type': 'mousemove', 'x': 838, 'y': 203}
[2026-04-09 14:34:38] {'type': 'mousemove', 'x': 933, 'y': 187}
[2026-04-09 14:34:45] {'type': 'keydown', 'key': 'g'}
[2026-04-09 14:34:45] {'type': 'keydown', 'key': 'h'}
[2026-04-09 14:34:45] {'type': 'keydown', 'key': 'g'}
[2026-04-09 14:34:46] {'type': 'keydown', 'key': 'y'}
[2026-04-09 14:34:46] {'type': 'keydown', 'key': 'c'}
[2026-04-09 14:34:46] {'type': 'keydown', 'key': 'k'}
[2026-04-09 14:34:46] {'type': 'keydown', 'key': 'k'}
[2026-04-09 14:34:46] {'type': 'keydown', 'key': 't'}
[2026-04-09 14:34:46] {'type': 'keydown', 'key': 'k'}
[2026-04-09 14:34:48] {'type': 'mousemove', 'x': 458, 'y': 21}
[2026-04-09 14:34:49] {'type': 'click', 'x': 456, 'y': 94}
[2026-04-09 14:34:49] {'type': 'keydown', 'key': 'k'}
[2026-04-09 14:34:49] {'type': 'keydown', 'key': 'u'}
[2026-04-09 14:34:49] {'type': 'keydown', 'key': 'u'}
[2026-04-09 14:34:49] {'type': 'keydown', 'key': 'f'}
[2026-04-09 14:34:49] {'type': 'keydown', 'key': 'y'}
[2026-04-09 14:34:49] {'type': 'keydown', 'key': 'g'}
[2026-04-09 14:34:50] {'type': 'keydown', 'key': 'h'}
[2026-04-09 14:34:50] {'type': 'keydown', 'key': 'j'}
[2026-04-09 14:34:50] {'type': 'keydown', 'key': 'k'}
[2026-04-09 14:34:50] {'type': 'keydown', 'key': 'o'}
[2026-04-09 14:34:54] {'type': 'mousemove', 'x': 455, 'y': 107}
[2026-04-09 14:34:54] {'type': 'mousemove', 'x': 579, 'y': 121}
[2026-04-09 14:34:54] {'type': 'mousemove', 'x': 633, 'y': 156}
[2026-04-09 14:34:54] {'type': 'mousemove', 'x': 740, 'y': 227}
[2026-04-09 14:34:55] {'type': 'mousemove', 'x': 515, 'y': 381}
[2026-04-09 14:35:42] {'type': 'mousemove', 'x': 517, 'y': 371}
[2026-04-09 14:35:42] {'type': 'mousemove', 'x': 390, 'y': 7}
[2026-04-09 14:36:59] {'type': 'mousemove', 'x': 750, 'y': 39}
[2026-04-09 14:37:00] {'type': 'mousemove', 'x': 655, 'y': 246}
[2026-04-09 14:37:00] {'type': 'mousemove', 'x': 529, 'y': 143}
[2026-04-09 14:38:09] {'type': 'mousemove', 'x': 891, 'y': 317}
[2026-04-09 14:38:10] {'type': 'mousemove', 'x': 847, 'y': 471}
[2026-04-09 14:38:10] {'type': 'mousemove', 'x': 985, 'y': 311}
[2026-04-09 14:46:03] {'type': 'mousemove', 'x': 852, 'y': 100}
[2026-04-09 14:46:03] {'type': 'mousemove', 'x': 865, 'y': 245}
[2026-04-09 14:46:03] {'type': 'mousemove', 'x': 965, 'y': 159}
[2026-04-09 14:46:03] {'type': 'mousemove', 'x': 1380, 'y': 21}
[2026-04-09 14:51:43] {'type': 'mousemove', 'x': 468, 'y': 37}
[2026-04-09 14:51:43] {'type': 'mousemove', 'x': 591, 'y': 686}
[2026-04-09 14:51:43] {'type': 'mousemove', 'x': 455, 'y': 787}
[2026-04-09 14:51:43] {'type': 'mousemove', 'x': 374, 'y': 298}
[2026-04-09 14:51:43] {'type': 'mousemove', 'x': 167, 'y': 143}
[2026-04-09 14:51:44] {'type': 'mousemove', 'x': 151, 'y': 11}
[2026-04-09 14:52:43] {'type': 'mousemove', 'x': 412, 'y': 6}
[2026-04-09 14:52:43] {'type': 'mousemove', 'x': 522, 'y': 316}
[2026-04-09 14:52:43] {'type': 'mousemove', 'x': 264, 'y': 227}
[2026-04-09 14:59:01] {'type': 'mousemove', 'x': 734, 'y': 22}
[2026-04-09 14:59:02] {'type': 'mousemove', 'x': 426, 'y': 2}
[2026-04-09 14:59:03] {'type': 'mousemove', 'x': 503, 'y': 112}
[2026-04-09 14:59:04] {'type': 'mousemove', 'x': 419, 'y': 31}
[2026-04-09 14:59:04] {'type': 'mousemove', 'x': 455, 'y': 182}
[2026-04-09 14:59:04] {'type': 'mousemove', 'x': 457, 'y': 72}
[2026-04-09 14:59:05] {'type': 'mousemove', 'x': 386, 'y': 12}
[2026-04-09 15:01:24] {'type': 'mousemove', 'x': 621, 'y': 3}
[2026-04-09 15:01:24] {'type': 'mousemove', 'x': 700, 'y': 88}
[2026-04-09 15:01:25] {'type': 'mousemove', 'x': 394, 'y': 632}
[2026-04-09 15:01:25] {'type': 'mousemove', 'x': 447, 'y': 541}
[2026-04-09 15:01:25] {'type': 'mousemove', 'x': 431, 'y': 528}
[2026-04-09 15:01:25] {'type': 'mousemove', 'x': 66, 'y': 385}
[2026-04-09 15:01:25] {'type': 'mousemove', 'x': 146, 'y': 66}
[2026-04-09 15:03:50] {'type': 'mousemove', 'x': 311, 'y': 11}
[2026-04-09 15:03:50] {'type': 'mousemove', 'x': 886, 'y': 433}
[2026-04-09 15:04:00] {'type': 'mousemove', 'x': 370, 'y': 46}
[2026-04-09 15:04:00] {'type': 'mousemove', 'x': 585, 'y': 369}
[2026-04-09 15:04:01] {'type': 'mousemove', 'x': 496, 'y': 22}
[2026-04-09 15:04:01] {'type': 'mousemove', 'x': 591, 'y': 2}
[2026-04-09 15:04:01] {'type': 'mousemove', 'x': 793, 'y': 143}
[2026-04-09 15:30:15] {'type': 'keydown', 'key': 'Control'}
[2026-04-09 16:04:17] {'type': 'mousemove', 'x': 353, 'y': 29}
[2026-04-09 16:04:17] {'type': 'mousemove', 'x': 635, 'y': 553}
[2026-04-09 16:04:17] {'type': 'mousemove', 'x': 570, 'y': 518}
[2026-04-09 16:04:17] {'type': 'mousemove', 'x': 745, 'y': 408
